// Jest Snapshot v1, https://goo.gl/fbAQLP

exports[`is  not signed in 1`] = `
<DocumentFragment>
  <div
    class="flex justify-evenly items-center h-16 bg-sub-color"
  >
    <h3
      class="text-2xl font-bold"
      href="/"
    >
      Food Invite
    </h3>
    <span
      aria-label="🍽️, knife_fork_plate"
      class="emoji-mart-emoji"
    >
      <span
        style="width: 32px; height: 32px; display: inline-block; background-image: url(https://unpkg.com/emoji-datasource-apple@5.0.1/img/apple/sheets-256/64.png); background-size: 5700% 5700%; background-position: 12.5% 50%;"
      />
    </span>
    <span
      aria-label="👨‍🍳, male-cook"
      class="emoji-mart-emoji"
    >
      <span
        style="width: 32px; height: 32px; display: inline-block; background-image: url(https://unpkg.com/emoji-datasource-apple@5.0.1/img/apple/sheets-256/64.png); background-size: 5700% 5700%; background-position: 25% 78.57142857142857%;"
      />
    </span>
    <span
      aria-label="😋, yum"
      class="emoji-mart-emoji"
    >
      <span
        style="width: 32px; height: 32px; display: inline-block; background-image: url(https://unpkg.com/emoji-datasource-apple@5.0.1/img/apple/sheets-256/64.png); background-size: 5700% 5700%; background-position: 53.57142857142858% 82.14285714285715%;"
      />
    </span>
  </div>
</DocumentFragment>
`;

exports[`is signed in 1`] = `
<DocumentFragment>
  <div
    class="flex justify-evenly items-center h-16 bg-sub-color"
  >
    <h3
      class="text-2xl font-bold"
      href="/"
    >
      Food Invite
    </h3>
    <svg
      aria-hidden="true"
      class="MuiSvgIcon-root MuiSvgIcon-fontSizeLarge"
      focusable="false"
      href="/users/wuDF1AcEnzZPWzBKNzU2hVETTV22/create-list"
      viewBox="0 0 24 24"
    >
      <path
        d="M4 6H2v14c0 1.1.9 2 2 2h14v-2H4V6zm16-4H8c-1.1 0-2 .9-2 2v12c0 1.1.9 2 2 2h12c1.1 0 2-.9 2-2V4c0-1.1-.9-2-2-2zm-1 9h-4v4h-2v-4H9V9h4V5h2v4h4v2z"
      />
    </svg>
    <svg
      aria-hidden="true"
      class="MuiSvgIcon-root MuiSvgIcon-fontSizeLarge"
      focusable="false"
      href="/search"
      viewBox="0 0 24 24"
    >
      <path
        d="M15.5 14h-.79l-.28-.27C15.41 12.59 16 11.11 16 9.5 16 5.91 13.09 3 9.5 3S3 5.91 3 9.5 5.91 16 9.5 16c1.61 0 3.09-.59 4.23-1.57l.27.28v.79l5 4.99L20.49 19l-4.99-5zm-6 0C7.01 14 5 11.99 5 9.5S7.01 5 9.5 5 14 7.01 14 9.5 11.99 14 9.5 14z"
      />
    </svg>
    <svg
      aria-hidden="true"
      class="MuiSvgIcon-root MuiSvgIcon-fontSizeLarge"
      focusable="false"
      href="/users/wuDF1AcEnzZPWzBKNzU2hVETTV22/bookmark"
      viewBox="0 0 24 24"
    >
      <path
        d="M17 3H7c-1.1 0-1.99.9-1.99 2L5 21l7-3 7 3V5c0-1.1-.9-2-2-2z"
      />
    </svg>
  </div>
</DocumentFragment>
`;
